../Core/Src/main.cpp:77:5:int main()	24	static
../Core/Src/main.cpp:197:6:void SystemClock_Config()	128	static
../Core/Src/main.cpp:246:13:void MX_I2C1_Init()	8	static
../Core/Src/main.cpp:294:13:void MX_SPI1_Init()	8	static
../Core/Src/main.cpp:334:13:void MX_USB_PCD_Init()	8	static
../Core/Src/main.cpp:365:13:void MX_GPIO_Init()	48	static
../Core/Src/main.cpp:429:6:void setLights(LightState)	16	static
../Core/Src/main.cpp:447:17:void HAL_GPIO_EXTI_Callback(uint16_t)	16	static
../Core/Src/main.cpp:459:6:void Error_Handler()	4	static,ignoring_inline_asm
